[
["home", "http:\/\/www.epoka.edu.al\/home.html"],
["curricula", "http:\/\/eis.epoka.edu.al\/curricula"],
["calendar", "http:\/\/epoka.edu.al\/home-academics-academic-calendar-2-34.html"],
["timetable", "http:\/\/epoka.edu.al\/timetable"],
["busTimetable", "http:\/\/epoka.edu.al\/home-students-transport-timetable-7-35.html"],
["eisLogIn", "http:\/\/eis.epoka.edu.al\/login"],
["admissionInternational", "http:\/\/admissions.epoka.edu.al\/cat-international-students-495.html"],
["admissionCriteria", "http:\/\/admissions.epoka.edu.al\/home-admission-criteria-495-1926.html"],
["scholarship", "http:\/\/admissions.epoka.edu.al\/cat-scholarships-2745.html"],
["iro", "http:\/\/iro.epoka.edu.al\/cat-contact-us-1166.html"],
["bank", "http:\/\/finance.epoka.edu.al\/"],
["bachelorFees", "http:\/\/finance.epoka.edu.al\/cat-bachelor-tuition-fees-1856.html"],
["masterFees", "http:\/\/finance.epoka.edu.al\/cat-master-tuition-fees-1858.html"],
["phdFees", "http:\/\/finance.epoka.edu.al\/cat-phd-tuition-fees-1862.html"],
["summerSchoolFees", "http:\/\/finance.epoka.edu.al\/cat-summer-semester-fees-1863.html"],
["evaluation", "http:\/\/registrar.epoka.edu.al\/cat-evaluation-of-students-success-1044.html"],
["dormitory", "http:\/\/epoka.edu.al\/home-students-accommodation-4-31.html"],
["guide", "http:\/\/epoka.edu.al\/home-students-student-guide-7-39.html"],
["contact", "http:\/\/www.epoka.edu.al\/contacts.html"]
]
